string6
123
true
5.6
456
string10
true
1.43
false
string11
123
4.1312
1.44
string12
1424
true
5
3
3
3
3
