{'a': 1, 'b': 2}
{'a': 1, 'b': 2, 'c': 3}
{'a': 1, 'b': 2}
{'a': 1, 'b': 2, 'c': 3}
{'a': true, 'b': false}
{'a': 1, 'b': 2, 'c': 63.3, 'd': 12321.2}
{'a': 'A', 'b': 'asdasdaqs', 'c': 'asdasd123123', 'd': '.'}
[start] =>
	{name: a, 2nd_name: (null), key: (null), scope: main, type: 5, 2nd_type: 3, value_type: 4, role: 0} =>
	{name: (null), 2nd_name: (null), key: a, scope: main, type: 1, 2nd_type: 0, value_type: 2, role: 0} =>
	{name: (null), 2nd_name: (null), key: b, scope: main, type: 1, 2nd_type: 0, value_type: 2, role: 0} =>
	{name: b, 2nd_name: (null), key: (null), scope: main, type: 5, 2nd_type: 3, value_type: 4, role: 0} =>
	{name: (null), 2nd_name: (null), key: a, scope: main, type: 1, 2nd_type: 0, value_type: 2, role: 0} =>
	{name: (null), 2nd_name: (null), key: b, scope: main, type: 1, 2nd_type: 0, value_type: 2, role: 0} =>
	{name: (null), 2nd_name: (null), key: c, scope: main, type: 1, 2nd_type: 0, value_type: 2, role: 0} =>
	{name: c, 2nd_name: (null), key: (null), scope: main, type: 5, 2nd_type: 3, value_type: 4, role: 0} =>
	{name: (null), 2nd_name: (null), key: a, scope: main, type: 1, 2nd_type: 0, value_type: 2, role: 0} =>
	{name: (null), 2nd_name: (null), key: b, scope: main, type: 1, 2nd_type: 0, value_type: 2, role: 0} =>
	{name: d, 2nd_name: (null), key: (null), scope: main, type: 5, 2nd_type: 3, value_type: 4, role: 0} =>
	{name: (null), 2nd_name: (null), key: a, scope: main, type: 1, 2nd_type: 0, value_type: 2, role: 0} =>
	{name: (null), 2nd_name: (null), key: b, scope: main, type: 1, 2nd_type: 0, value_type: 2, role: 0} =>
	{name: (null), 2nd_name: (null), key: c, scope: main, type: 1, 2nd_type: 0, value_type: 2, role: 0} =>
	{name: dict1, 2nd_name: (null), key: (null), scope: main, type: 5, 2nd_type: 0, value_type: 4, role: 0} =>
	{name: (null), 2nd_name: (null), key: a, scope: main, type: 0, 2nd_type: 0, value_type: 0, role: 0} =>
	{name: (null), 2nd_name: (null), key: b, scope: main, type: 0, 2nd_type: 0, value_type: 0, role: 0} =>
	{name: dict2, 2nd_name: (null), key: (null), scope: main, type: 5, 2nd_type: 1, value_type: 4, role: 0} =>
	{name: (null), 2nd_name: (null), key: a, scope: main, type: 1, 2nd_type: 0, value_type: 2, role: 0} =>
	{name: (null), 2nd_name: (null), key: b, scope: main, type: 1, 2nd_type: 0, value_type: 2, role: 0} =>
	{name: (null), 2nd_name: (null), key: c, scope: main, type: 1, 2nd_type: 0, value_type: 2, role: 0} =>
	{name: (null), 2nd_name: (null), key: d, scope: main, type: 1, 2nd_type: 0, value_type: 2, role: 0} =>
	{name: dict3, 2nd_name: (null), key: (null), scope: main, type: 5, 2nd_type: 2, value_type: 4, role: 0} =>
	{name: (null), 2nd_name: (null), key: a, scope: main, type: 2, 2nd_type: 0, value_type: 3, role: 0} =>
	{name: (null), 2nd_name: (null), key: b, scope: main, type: 2, 2nd_type: 0, value_type: 3, role: 0} =>
	{name: (null), 2nd_name: (null), key: c, scope: main, type: 2, 2nd_type: 0, value_type: 3, role: 0} =>
	{name: (null), 2nd_name: (null), key: d, scope: main, type: 2, 2nd_type: 0, value_type: 3, role: 0} =>
[end]
[start] =>
	{name: a, 2nd_name: (null), key: (null), scope: main, type: 5, 2nd_type: 3, value_type: 4, role: 0} =>
	{name: (null), 2nd_name: (null), key: a, scope: main, type: 1, 2nd_type: 0, value_type: 2, role: 0} =>
	{name: (null), 2nd_name: (null), key: b, scope: main, type: 1, 2nd_type: 0, value_type: 2, role: 0} =>
	{name: c, 2nd_name: (null), key: (null), scope: main, type: 5, 2nd_type: 3, value_type: 4, role: 0} =>
	{name: (null), 2nd_name: (null), key: a, scope: main, type: 1, 2nd_type: 0, value_type: 2, role: 0} =>
	{name: (null), 2nd_name: (null), key: b, scope: main, type: 1, 2nd_type: 0, value_type: 2, role: 0} =>
	{name: d, 2nd_name: (null), key: (null), scope: main, type: 5, 2nd_type: 3, value_type: 4, role: 0} =>
	{name: (null), 2nd_name: (null), key: a, scope: main, type: 1, 2nd_type: 0, value_type: 2, role: 0} =>
	{name: (null), 2nd_name: (null), key: b, scope: main, type: 1, 2nd_type: 0, value_type: 2, role: 0} =>
	{name: (null), 2nd_name: (null), key: c, scope: main, type: 1, 2nd_type: 0, value_type: 2, role: 0} =>
	{name: dict1, 2nd_name: (null), key: (null), scope: main, type: 5, 2nd_type: 0, value_type: 4, role: 0} =>
	{name: (null), 2nd_name: (null), key: a, scope: main, type: 0, 2nd_type: 0, value_type: 0, role: 0} =>
	{name: (null), 2nd_name: (null), key: b, scope: main, type: 0, 2nd_type: 0, value_type: 0, role: 0} =>
	{name: dict2, 2nd_name: (null), key: (null), scope: main, type: 5, 2nd_type: 1, value_type: 4, role: 0} =>
	{name: (null), 2nd_name: (null), key: a, scope: main, type: 1, 2nd_type: 0, value_type: 2, role: 0} =>
	{name: (null), 2nd_name: (null), key: b, scope: main, type: 1, 2nd_type: 0, value_type: 2, role: 0} =>
	{name: (null), 2nd_name: (null), key: c, scope: main, type: 1, 2nd_type: 0, value_type: 2, role: 0} =>
	{name: (null), 2nd_name: (null), key: d, scope: main, type: 1, 2nd_type: 0, value_type: 2, role: 0} =>
	{name: dict3, 2nd_name: (null), key: (null), scope: main, type: 5, 2nd_type: 2, value_type: 4, role: 0} =>
	{name: (null), 2nd_name: (null), key: a, scope: main, type: 2, 2nd_type: 0, value_type: 3, role: 0} =>
	{name: (null), 2nd_name: (null), key: b, scope: main, type: 2, 2nd_type: 0, value_type: 3, role: 0} =>
	{name: (null), 2nd_name: (null), key: c, scope: main, type: 2, 2nd_type: 0, value_type: 3, role: 0} =>
	{name: (null), 2nd_name: (null), key: d, scope: main, type: 2, 2nd_type: 0, value_type: 3, role: 0} =>
[end]
1
2
{'a': 5, 'b': 2, 'c': 3}
32
{'a': 5, 'b': 2, 'c': 3}
{'a': 15, 'b': 2}
{'b': 2, 'c': 3}
