[
    'foo',
    'bar',
    17,
    3.14,
    true,
    false
]{
    'a': 1,
    'b': 576.34,
    'c': [
        2,
        3,
        4
    ]
}
101
264
465
1
5
5
2
5
5
3
5
5
a
foo
b
bar
c
baz
