first print this
inside function a
5
inside function b
8
true
5
hello world
false
3.14
OMG!
hello world
3.14
Array function parameter:
[1, 2, 3]
Dictionary function parameter:
{'a': 'foo', 'b': 'bar', 'c': 'baz'}
8
start
hey
hey
hey
end
false
5
false
[1, 2, 3]
true
true
5
5
foo
foo
7
7
[1, 2, 3]
[1, 2, 3]
{'a': 1, 'b': 2, 'c': 3}
{'a': 1, 'b': 2, 'c': 3}
