true
false
true
true
false
true
5
3
5
5
1
5
3.500000
7.100000
3.500000
3.500000
1.200000
3.500000
asdasdas
qweqweqwe
asdasdas
asdasdas
12312
asdasdas
true
true
false
true
5
5
1
5
3.200000
3.200000
35.299999
3.200000
asdasda
asdasda
qwqweqwe
asdasda
[5, 2, 3]
32
[5, 2, 3]
[1, 2, 3]
[1, 2, 3]
[5, 2, 3]
[1, 2, 3]
{'a': 5, 'b': 2, 'c': 3}
32
{'a': 5, 'b': 2, 'c': 3}
