[1, 2, 3]
256
1
deepest loop
1
deepest loop
256
1
deepest loop
1
deepest loop
256
1
deepest loop
1
deepest loop
256
1
deepest loop
1
deepest loop
[1, 2, 3]
256
1
deepest loop
1
deepest loop
256
1
deepest loop
1
deepest loop
256
1
deepest loop
1
deepest loop
256
1
deepest loop
1
deepest loop
[1, 2, 3]
256
1
deepest loop
1
deepest loop
256
1
deepest loop
1
deepest loop
256
1
deepest loop
1
deepest loop
256
1
deepest loop
1
deepest loop
after all the loops
1
5
2
5
3
5
[5, 5, 5]
