103
1
103
2
103
3
103
5
103
6
101
7
103
8
103
9
102
10
102
11
102
12
102
13
102
14
102
15
hey
103
4
101
7
102
10
102
11
102
12
102
13
102
14
102
15
hoy
