[start] =>
	{name: module1, type: 6, parameter_count: 0, decision_length: 0, context: tests/modules/hello, module_context: tests/modules/module1, module: module1} =>
	{name: module3, type: 6, parameter_count: 0, decision_length: 0, context: tests/modules/level1/module2, module_context: tests/modules/level1/level2/module3, module: module3} =>
	{name: module2, type: 6, parameter_count: 0, decision_length: 0, context: tests/modules/hello, module_context: tests/modules/level1/module2, module: module2} =>
	{name: module4, type: 6, parameter_count: 0, decision_length: 0, context: tests/modules/hello, module_context: tests/modules/module4, module: differentname} =>
	{name: hello, type: 6, parameter_count: 0, decision_length: 0, context: tests/module, module_context: tests/modules/hello, module: hello} =>
	{name: module5, type: 6, parameter_count: 0, decision_length: 0, context: tests/module, module_context: tests/modules/module5, module: } =>
	{name: module6Function2, type: 6, parameter_count: 0, decision_length: 0, context: tests/module, module_context: tests/modules/module6, module: } =>
	{name: module6Function3, type: 6, parameter_count: 0, decision_length: 0, context: tests/module, module_context: tests/modules/module6, module: } =>
	{name: module6Function5, type: 6, parameter_count: 0, decision_length: 0, context: tests/module, module_context: tests/modules/module6, module: } =>
	{name: mainContext, type: 6, parameter_count: 0, decision_length: 0, context: tests/module, module_context: tests/module, module: } =>
[end]
hello world
module1
module2
module3
module4
module5
module6function2
module6function3
module6function5
in main context
