Chaos Error:
Module: ~/chaos/__interactive__.kaos", line 2, in <module>
The variable name 'a' is already defined!
Absorbed by Interactive Shell
Chaos Error:
Module: ~/chaos/__interactive__.kaos", line 1, in <module>
The variable name 'a' is already defined!
Absorbed by Interactive Shell
[start] =>
	{id: 0, name: a, 2nd_name: (null), key: (null), scope: N/A, depth: 0, type: 1, 2nd_type: 0, value_type: 1, role: 0, param_of: , value: 5} =>
[end]
5
[start] =>
[end]
Chaos Error:
Module: ~/chaos/__interactive__.kaos", line 5, in <module>
Undefined variable: a
Absorbed by Interactive Shell
[start] =>
[end]
Chaos Error:
Module: ~/chaos/__interactive__.kaos", line 2, in <module>
Undefined variable: a
Absorbed by Interactive Shell
Chaos Error:
Module: ~/chaos/__interactive__.kaos", line 2, in <module>
The variable name 'a' is already defined!
Absorbed by Interactive Shell
Chaos Error:
Module: ~/chaos/__interactive__.kaos", line 1, in <module>
The variable name 'a' is already defined!
Absorbed by Interactive Shell
Chaos Error:
Module: ~/chaos/__interactive__.kaos", line 0, in <module>
The variable name 'a' is already defined!
Absorbed by Interactive Shell
[1]
