Chaos Error:
Module: ~/chaos/__interactive__.kaos
Line: 2
Undefined variable: b
Absorbed by Interactive Shell
