Chaos Error:
Module: ~/chaos/__interactive__.kaos
Line: 0
Undefined function: f
Absorbed by Interactive Shell
[start] =>
[end]
Chaos Error:
Module: ~/chaos/__interactive__.kaos
Line: 7
Incorrect argument count for function: f
Absorbed by Interactive Shell
Chaos Error:
Module: ~/chaos/__interactive__.kaos
Line: 4
Illegal variable type: Boolean for function: f
Absorbed by Interactive Shell
