[0;90m###[0m [0;90m###[0m 5
[0;90m###[0m 5
[0;90m###[0m [0;90m###[0m [0;90m...[0m [0;90m...[0m 5
5
5
5
5
[0;90m###[0m 