[0;90m###[0m 8
[0;90m###[0m 169.800003
[0;90m###[0m 0.740000
[0;90m###[0m 16
[0;90m###[0m 