[1;41m  Chaos Error:                                                                  [0m
[0;41m    Module: /home/mertyildiran/Documents/chaos/__interactive__                  [0m
[0;41m    Line: 21                                                                    [0m
[0;41m    Undefined function: asdasd1                                                 [0m
[1;44m    Absorbed by Interactive Shell                                               [0m
module1
f2
f3
f5
[1;41m  Chaos Error:                                                                  [0m
[0;41m    Module: /home/mertyildiran/Documents/chaos/__interactive__                  [0m
[0;41m    Line: 5                                                                     [0m
[0;41m    Undefined function: asdasd2                                                 [0m
[1;44m    Absorbed by Interactive Shell                                               [0m
