Chaos Error:
Module: ~/chaos/__interactive__.kaos", line 2, in <module>
Illegal character assignment for string: k
Absorbed by Interactive Shell
Chaos Error:
Module: ~/chaos/__interactive__.kaos", line 0, in <module>
Right hand side of the assignment is not a character for string: k
Absorbed by Interactive Shell
chaos
kaos
